// Jest Snapshot v1, https://goo.gl/fbAQLP

exports[`Button component should render correctly Button component default props 1`] = `
<button
  className="button "
  disabled={false}
  onClick={[Function]}
/>
`;
