// Jest Snapshot v1, https://goo.gl/fbAQLP

exports[`Header component should render correctly Header component default props 1`] = `
<Route>
  <Component />
</Route>
`;
