// Jest Snapshot v1, https://goo.gl/fbAQLP

exports[`Indicator component should render correctly Indicator component default props 1`] = `
<div
  className="indicator"
>
  <div
    className="indicator__img"
  />
</div>
`;
