// Jest Snapshot v1, https://goo.gl/fbAQLP

exports[`Input component should render correctly Input component default props 1`] = `
<input
  className="input "
  onChange={[Function]}
  onKeyDown={[Function]}
  placeholder=""
  type="text"
  value=""
/>
`;
